// Jest Snapshot v1, https://goo.gl/fbAQLP

exports[`<Layout /> renders properly 1`] = `
.c0 {
  max-width: 960px;
  margin: 0 auto;
  padding: 0 20px;
}

.c1 {
  display: -webkit-box;
  display: -webkit-flex;
  display: -ms-flexbox;
  display: flex;
  margin: 40px 0 0 0;
  -webkit-box-pack: start;
  -webkit-justify-content: flex-start;
  -ms-flex-pack: start;
  justify-content: flex-start;
}

.c2 {
  margin: 0 5px;
  color: #2F3D4F;
  font-weight: 700;
  -webkit-text-decoration: none;
  text-decoration: none;
  font-size: 22px;
}

<body>
  <div>
    <section
      class="c0"
    >
      <main>
        <div
          class="c1"
        >
          <a
            aria-label="languageswitcher.toggle languages.pt"
            class="c2"
            href="/about-us"
            language="pt"
          >
            /
            pt
          </a>
          <a
            aria-label="languageswitcher.toggle languages.en"
            class="c2"
            href="/about-us"
            language="en"
          >
            en
          </a>
          <a
            aria-label="languageswitcher.toggle languages.es"
            class="c2"
            href="/about-us"
            language="es"
          >
            es
          </a>
        </div>
      </main>
    </section>
    <p>
      Header
    </p>
    <main>
      John Doe
    </main>
    <p>
      Footer
    </p>
  </div>
</body>
`;
