// Jest Snapshot v1, https://goo.gl/fbAQLP

exports[`<NotFoundPage> should render properly 1`] = `
.c0 {
  background: linear-gradient(90deg,#0C0D0E 20px,transparent 1%) center, linear-gradient(#0C0D0E 20px,transparent 1%) center, #FFFFFF;
  background-size: 22px 22px;
  height: 120px;
  margin-top: 40px;
}

.c2 {
  font-size: 22px;
  background: #424833;
  display: inline;
  padding: 5px;
}

.c1 {
  max-width: 800px;
  margin: 0 auto;
  padding: 0 20px;
}

<body>
  <div>
    <p>
      Header
    </p>
    <main>
      <p>
        Metatags
      </p>
      <div
        class="c0"
      />
      <section
        class="c1"
      >
        <main>
          <h1
            class="c2"
          >
            Não encontrado
          </h1>
        </main>
      </section>
    </main>
    <p>
      Footer
    </p>
  </div>
</body>
`;
