// Jest Snapshot v1, https://goo.gl/fbAQLP

exports[`<IndexPage> renders properly 1`] = `
.c4 {
  color: #2F3D4F;
  box-shadow: none;
  text-decoration: none;
  font-size: 36px;
  margin: 0;
  font-weight: 700;
}

.c4:hover,
.c4:focus {
  border-bottom: 1px solid #2F3D4F;
  outline: none;
}

.c2 {
  margin: 0 0 60px 0;
  font-weight: 400;
  color: #2F3D4F;
}

.c3 {
  margin: 20px 0 0 0;
}

.c5 {
  line-height: 1.5;
  font-size: 19px;
  margin-top: 10px;
}

.c5 a {
  color: #D3BF9C;
  text-decoration: none;
  border-bottom: 1px solid #ffffff;
}

.c5 a:hover,
.c5 a:focus {
  border-bottom: 1px solid #D3BF9C;
  outline: none;
}

.c5 code {
  background: #D3BF9C40;
  padding: 2px 6px;
  border-radius: 10px;
  font-size: 16px;
}

.c5 blockquote {
  border-left: 5px solid #D3BF9C;
  padding-left: 20px;
  margin-left: 0;
}

.c5 img {
  box-shadow: none!important;
}

.c5 h3 {
  font-size: 28px;
}

.c5 table.uses-table {
  width: 100%;
  margin: 40px 0;
}

.c5 table.uses-table td {
  text-align: center;
}

.c0 {
  max-width: 960px;
  margin: 0 auto;
  padding: 0 20px;
}

.c1 {
  background: linear-gradient(90deg, #ffffff 20px, transparent 1%) center,linear-gradient(#ffffff 20px, transparent 1%) center,#2F3D4F;
  background-size: 22px 22px;
  height: 120px;
  margin: 40px 0;
  width: 100%;
}

<body>
  <div>
    <section
      class="c0"
    >
      <p>
        Header
      </p>
    </section>
    <div
      class="c1"
    />
    <section
      class="c0"
    >
      <article
        class="c2"
        data-testid="article-item"
      >
        <header
          class="c3"
        >
          <a
            class="c4"
            data-testid="article-header-title"
            href="/path-to-article"
          >
            Title 1
          </a>
        </header>
        <section
          class="c5"
        >
          Awesome first article
        </section>
      </article>
      <article
        class="c2"
        data-testid="article-item"
      >
        <header
          class="c3"
        >
          <a
            class="c4"
            data-testid="article-header-title"
            href="/path-to-article-2"
          >
            Title 2
          </a>
        </header>
        <section
          class="c5"
        >
          Awesome second article
        </section>
      </article>
    </section>
    <div
      class="c1"
    />
    <section
      class="c0"
    >
      <p>
        Footer
      </p>
    </section>
  </div>
</body>
`;
