// Jest Snapshot v1, https://goo.gl/fbAQLP

exports[`<IndexPage> renders properly 1`] = `
.c0 {
  max-width: 960px;
  margin: 0 auto;
  padding: 0 20px;
}

.c1 {
  display: -webkit-box;
  display: -webkit-flex;
  display: -ms-flexbox;
  display: flex;
  margin: 40px 0 0 0;
  -webkit-box-pack: start;
  -webkit-justify-content: flex-start;
  -ms-flex-pack: start;
  justify-content: flex-start;
}

.c2 {
  margin: 0 5px;
  color: #EDF0F1;
  font-weight: 700;
  -webkit-text-decoration: none;
  text-decoration: none;
  font-size: 20px;
}

.c3 p {
  font-size: 18px;
  line-height: 1.4;
  color: #EDF0F1;
}

.c3 ul {
  margin: 0;
  padding: 0;
}

.c3 li {
  list-style: none;
  font-size: 18px;
  font-weight: 900;
  margin: 0 24px 5px 0;
}

.c3 li a {
  -webkit-text-decoration: none;
  text-decoration: none;
  color: #EDF0F1;
  display: -webkit-box;
  display: -webkit-flex;
  display: -ms-flexbox;
  display: flex;
  padding: 0;
  text-transform: uppercase;
}

.c3 li a:after {
  content: '.';
  display: block;
  color: #0E1116;
  font-size: 38px;
  line-height: 0.2;
}

.c3 li a:hover:after {
  color: #EDF0F1;
}

.c7 {
  color: #EDF0F1;
  box-shadow: none;
  -webkit-text-decoration: none;
  text-decoration: none;
  font-size: 36px;
  margin: 0;
  font-weight: bold;
}

.c7:hover,
.c7:focus {
  border-bottom: 1px solid #EDF0F1;
  outline: none;
}

.c9 {
  display: -webkit-box;
  display: -webkit-flex;
  display: -ms-flexbox;
  display: flex;
  -webkit-flex-wrap: wrap;
  -ms-flex-wrap: wrap;
  flex-wrap: wrap;
  padding: 0;
  margin: 0;
}

.c5 {
  margin: 0 0 60px 0;
  font-weight: 400;
  color: #EDF0F1;
}

.c6 {
  margin: 20px 0 0 0;
}

.c8 {
  color: #BEC3C7;
  font-size: 18px;
  margin: 5px 0;
}

.c10 {
  line-height: 1.5;
}

.c10 a {
  color: #AAC13D;
  -webkit-text-decoration: none;
  text-decoration: none;
  border-bottom: 1px solid #0E1116;
}

.c10 a:hover,
.c10 a:focus {
  border-bottom: 1px solid #AAC13D;
  outline: none;
}

.c10 blockquote {
  border-left: 5px solid #AAC13D;
  padding-left: 20px;
}

.c10 img {
  box-shadow: none !important;
}

.c10 h3 {
  font-size: 28px;
}

.c10 table.uses-table {
  width: 100%;
  margin: 40px 0;
}

.c10 table.uses-table td {
  text-align: center;
}

.c4 {
  background: linear-gradient(90deg,#0E1116 20px,transparent 1%) center, linear-gradient(#0E1116 20px,transparent 1%) center, #EDF0F1;
  background-size: 22px 22px;
  height: 120px;
  margin: 40px 0;
  width: 100%;
}

@media (min-width:760px) {
  .c3 {
    padding-bottom: 40px;
  }
}

@media (min-width:760px) {
  .c3 p {
    font-size: 24px;
  }
}

@media (min-width:760px) {
  .c3 ul {
    display: -webkit-box;
    display: -webkit-flex;
    display: -ms-flexbox;
    display: flex;
  }
}

@media (min-width:760px) {
  .c3 li {
    font-size: 20px;
    margin: 0 24px 0 0;
  }
}

@media (min-width:760px) {
  .c3 li a:after {
    line-height: 0.3;
  }
}

<body>
  <div>
    <section
      class="c0"
    >
      <main>
        <div
          class="c1"
        >
          <a
            aria-label="languageswitcher.toggle languages.pt"
            class="c2"
            href="/about-us"
            language="pt"
          >
            /
            pt
          </a>
          <a
            aria-label="languageswitcher.toggle languages.en"
            class="c2"
            href="/about-us"
            language="en"
          >
            en
          </a>
          <a
            aria-label="languageswitcher.toggle languages.es"
            class="c2"
            href="/about-us"
            language="es"
          >
            es
          </a>
        </div>
      </main>
    </section>
    <p>
      Header
    </p>
    <main>
      <p>
        Metatags
      </p>
      <section
        class="c0"
      >
        <main>
          <div
            class="c3"
          />
        </main>
      </section>
      <div
        class="c4"
      />
      <p>
        Search
      </p>
      <section
        class="c0"
      >
        <main>
          <article
            class="c5"
            data-testid="article-item"
          >
            <header
              class="c6"
            >
              <a
                class="c7"
                data-testid="article-header-title"
                href="/path-to-article"
              >
                Title 1
              </a>
              <p
                class="c8"
              >
                16/01/2021
                 
                · 5 article.minutes article.ofReading
                 · 
              </p>
              <ul
                class="c9"
                data-testid="article-header-tags"
              />
            </header>
            <section
              class="c10"
            >
              Awesome first article
            </section>
          </article>
        </main>
      </section>
      <section
        class="c0"
      >
        <main>
          <article
            class="c5"
            data-testid="article-item"
          >
            <header
              class="c6"
            >
              <a
                class="c7"
                data-testid="article-header-title"
                href="/path-to-article-2"
              >
                Title 2
              </a>
              <p
                class="c8"
              >
                18/01/2020
                 
                · 2 article.minutes article.ofReading
                 · 
              </p>
              <ul
                class="c9"
                data-testid="article-header-tags"
              />
            </header>
            <section
              class="c10"
            >
              Awesome second article
            </section>
          </article>
        </main>
      </section>
    </main>
    <p>
      Footer
    </p>
  </div>
</body>
`;
