// Jest Snapshot v1, https://goo.gl/fbAQLP

exports[`<ArticlePage> should render properly 1`] = `
.c0 {
  background: linear-gradient(90deg,#0C0D0E 20px,transparent 1%) center, linear-gradient(#0C0D0E 20px,transparent 1%) center, #FFFFFF;
  background-size: 22px 22px;
  height: 120px;
  margin-top: 40px;
}

.c1 {
  max-width: 800px;
  margin: 0 auto;
  padding: 0 20px;
}

.c2 {
  margin: 0 0 60px 0;
  font-weight: 400;
  color: #FFFFFF;
}

.c3 {
  margin: 20px 0 0 0;
}

.c4 {
  font-family: 'Raleway',sans-serif;
  font-weight: 700;
  font-size: 36px;
  margin: 0;
}

.c6 {
  display: -webkit-box;
  display: -webkit-flex;
  display: -ms-flexbox;
  display: flex;
  -webkit-flex-wrap: wrap;
  -ms-flex-wrap: wrap;
  flex-wrap: wrap;
  margin-bottom: 0;
  padding: 0;
}

.c5 {
  color: #9a9a9a;
  font-size: 18px;
  margin: 5px 0;
}

.c7 {
  line-height: 1.5;
}

.c7 a {
  color: #626D4A;
  -webkit-text-decoration: none;
  text-decoration: none;
  border-bottom: 1px solid #0C0D0E;
}

.c7 a:hover,
.c7 a:focus {
  border-bottom: 1px solid #626D4A;
  outline: none;
}

.c7 blockquote {
  border-left: 5px solid #626D4A;
  padding-left: 20px;
}

.c7 .gatsby-highlight {
  padding: 10px 0;
}

.c7 pre[class*='language-'],
.c7 code[class*='language-'],
.c7 .gatsby-highlight {
  background-color: #0C0D0E;
  font-family: monospace;
  white-space: pre-wrap;
}

.c7 .line-numbers-rows,
.c7 .line-numbers-rows span::before {
  border: 0.5px solid #0C0D0E;
}

.c7 img {
  box-shadow: none !important;
}

<body>
  <div>
    <p>
      Header
    </p>
    <main>
      <p>
        Metatags
      </p>
      <div
        class="c0"
      />
      <section
        class="c1"
      >
        <main>
          <article
            class="c2"
            data-testid="article-item"
          >
            <header
              class="c3"
            >
              <h3
                class="c4"
              >
                Title 1
              </h3>
              <p
                class="c5"
              >
                30/10/2020
                 
                 · 5 minutes of reading
              </p>
              <ul
                class="c6"
                data-testid="article-header-tags"
              />
            </header>
            <section
              class="c7"
            >
              <p>
                Post content
              </p>
            </section>
          </article>
        </main>
      </section>
    </main>
    <p>
      Footer
    </p>
  </div>
</body>
`;
