// Jest Snapshot v1, https://goo.gl/fbAQLP

exports[`<IndexTemplate> should render properly 1`] = `
.c2 {
  background: linear-gradient(90deg,#FFFFFF 20px,transparent 1%) center, linear-gradient(#FFFFFF 20px,transparent 1%) center, #0C0D0E;
  background-size: 22px 22px;
  height: 120px;
  margin: 40px 0;
  width: 100%;
}

.c0 {
  max-width: 800px;
  margin: 0 auto;
  padding: 0 20px;
}

.c1 p {
  font-size: 18px;
  line-height: 1.4;
  color: #0C0D0E;
}

.c1 ul {
  margin: 0;
  padding: 0;
}

.c1 li {
  list-style: none;
  font-size: 18px;
  font-weight: 900;
  margin: 0 24px 5px 0;
}

.c1 li a {
  -webkit-text-decoration: none;
  text-decoration: none;
  color: #0C0D0E;
  display: -webkit-box;
  display: -webkit-flex;
  display: -ms-flexbox;
  display: flex;
  padding: 0;
  text-transform: uppercase;
}

.c1 li a:after {
  content: '.';
  display: block;
  color: #FFFFFF;
  font-size: 38px;
  line-height: 0.2;
}

.c1 li a:hover:after {
  color: #0C0D0E;
}

.c3 {
  margin: 0 0 60px 0;
  font-weight: 400;
  color: #0C0D0E;
}

.c4 {
  margin: 20px 0 0 0;
}

.c5 {
  font-size: 36px;
  margin: 0;
}

.c6 {
  color: #0C0D0E;
  box-shadow: none;
  -webkit-text-decoration: none;
  text-decoration: none;
}

.c6:hover,
.c6:focus {
  border-bottom: 1px solid #0C0D0E;
  outline: none;
}

.c8 {
  display: -webkit-box;
  display: -webkit-flex;
  display: -ms-flexbox;
  display: flex;
  -webkit-flex-wrap: wrap;
  -ms-flex-wrap: wrap;
  flex-wrap: wrap;
  margin-bottom: 0;
  padding: 0;
}

.c7 {
  color: #737373;
  font-size: 18px;
  margin: 5px 0;
}

.c9 {
  line-height: 1.5;
}

.c9 a {
  color: #626D4A;
  -webkit-text-decoration: none;
  text-decoration: none;
  border-bottom: 1px solid #FFFFFF;
}

.c9 a:hover,
.c9 a:focus {
  border-bottom: 1px solid #626D4A;
  outline: none;
}

.c9 blockquote {
  border-left: 5px solid #626D4A;
  padding-left: 20px;
}

.c9 .gatsby-highlight {
  padding: 10px 0;
}

.c9 pre[class*='language-'],
.c9 code[class*='language-'],
.c9 .gatsby-highlight {
  background-color: #FFFFFF;
  font-family: monospace;
  white-space: pre-wrap;
}

.c9 .line-numbers-rows,
.c9 .line-numbers-rows span::before {
  border: 0.5px solid #FFFFFF;
}

.c9 img {
  box-shadow: none !important;
}

.c9 h3 {
  font-size: 28px;
}

@media (min-width:760px) {
  .c1 {
    padding-bottom: 40px;
  }
}

@media (min-width:760px) {
  .c1 p {
    font-size: 24px;
  }
}

@media (min-width:760px) {
  .c1 ul {
    display: -webkit-box;
    display: -webkit-flex;
    display: -ms-flexbox;
    display: flex;
  }
}

@media (min-width:760px) {
  .c1 li {
    font-size: 20px;
    margin: 0 24px 0 0;
  }
}

@media (min-width:760px) {
  .c1 li a:after {
    line-height: 0.3;
  }
}

<body>
  <div>
    <p>
      Header
    </p>
    <main>
      <p>
        Metatags
      </p>
      <section
        class="c0"
      >
        <main>
          <div
            class="c1"
          >
            
          </div>
        </main>
      </section>
      <div
        class="c2"
      />
      <p>
        Search
      </p>
      <section
        class="c0"
      >
        <main>
          <article
            class="c3"
            data-testid="article-item"
          >
            <header
              class="c4"
            >
              <h2
                class="c5"
              >
                <a
                  class="c6"
                  data-testid="article-header-custom-link"
                  href="/path-to-article"
                >
                  Title 1
                </a>
              </h2>
              <p
                class="c7"
              >
                01/16/2021
                 
                 · 5 minutes of reading
              </p>
              <ul
                class="c8"
                data-testid="article-header-tags"
              />
            </header>
            <section
              class="c9"
            >
              Awesome first article
            </section>
          </article>
        </main>
      </section>
      <section
        class="c0"
      >
        <main>
          <article
            class="c3"
            data-testid="article-item"
          >
            <header
              class="c4"
            >
              <h2
                class="c5"
              >
                <a
                  class="c6"
                  data-testid="article-header-custom-link"
                  href="/path-to-article-2"
                >
                  Title 2
                </a>
              </h2>
              <p
                class="c7"
              >
                01/18/2020
                 
                 · 2 minutes of reading
              </p>
              <ul
                class="c8"
                data-testid="article-header-tags"
              />
            </header>
            <section
              class="c9"
            >
              Awesome second article
            </section>
          </article>
        </main>
      </section>
    </main>
    <p>
      Footer
    </p>
  </div>
</body>
`;
