// Jest Snapshot v1, https://goo.gl/fbAQLP

exports[`<LanguagesPage> should render properly 1`] = `
.c0 {
  margin: auto;
  max-width: 800px;
  padding: 20px;
}

.c2 {
  margin: 0 0 60px 0;
  font-weight: 400;
  color: #FFFFFF;
}

@media (min-width:760px) {
  .c1 {
    display: none;
  }
}

<body>
  <div>
    <section
      class="c0"
    >
      <p>
        Header
      </p>
      <div
        class="c1"
      >
        <p>
          Navigation
        </p>
      </div>
      <p>
        Search
      </p>
      <main>
        <p>
          Metatags
        </p>
        <article
          class="c2"
          data-testid="languages-page-article"
        >
          <p>
            ArticleHeader
          </p>
          Awesome first article
        </article>
        <article
          class="c2"
          data-testid="languages-page-article"
        >
          <p>
            ArticleHeader
          </p>
          Awesome second article
        </article>
      </main>
      <p>
        Footer
      </p>
    </section>
  </div>
</body>
`;
