// Jest Snapshot v1, https://goo.gl/fbAQLP

exports[`<ArticlePage> should render properly 1`] = `
.c0 {
  margin: auto;
  max-width: 800px;
  padding: 20px;
}

.c2 {
  margin: 0 0 60px 0;
  font-weight: 400;
  color: #FFFFFF;
}

.c3 {
  line-height: 1.5;
}

.c3 a {
  color: #CA222B;
  -webkit-text-decoration: none;
  text-decoration: none;
  border-bottom: 1px solid #0b0c0d;
}

.c3 a:hover,
.c3 a:focus {
  border-bottom: 1px solid #CA222B;
  outline: none;
}

.c3 blockquote {
  border-left: 5px solid #CA222B;
  padding-left: 20px;
}

.c3 .gatsby-highlight {
  padding: 10px 0;
}

.c3 pre[class*='language-'],
.c3 code[class*='language-'],
.c3 .gatsby-highlight {
  background-color: #0b0c0d;
}

.c3 .line-numbers-rows,
.c3 .line-numbers-rows span::before {
  border: 0.5px solid #0b0c0d;
}

.c3 img {
  box-shadow: none !important;
}

@media (min-width:760px) {
  .c1 {
    display: none;
  }
}

<body>
  <div>
    <section
      class="c0"
    >
      <p>
        Header
      </p>
      <div
        class="c1"
      >
        <p>
          Navigation
        </p>
      </div>
      <main>
        <p>
          Metatags
        </p>
        <article
          class="c2"
        >
          <p>
            ArticleHeader
          </p>
          <section
            class="c3"
          >
            <p>
              Post content
            </p>
          </section>
        </article>
      </main>
      <p>
        Search
      </p>
      <p>
        Footer
      </p>
    </section>
  </div>
</body>
`;
