// Jest Snapshot v1, https://goo.gl/fbAQLP

exports[`<TagsPage> should render properly 1`] = `
.c0 {
  margin: auto;
  max-width: 800px;
  padding: 20px;
}

.c3 {
  margin: 0 0 60px 0;
  font-weight: 400;
  color: #FFFFFF;
}

.c2 {
  font-size: 22px;
  background: #1FB651;
  display: inline;
  padding: 5px;
}

@media (min-width:760px) {
  .c1 {
    display: none;
  }
}

<body>
  <div>
    <section
      class="c0"
    >
      <p>
        Header
      </p>
      <div
        class="c1"
      >
        <p>
          Navigation
        </p>
      </div>
      <p>
        Search
      </p>
      <main>
        <p>
          Metatags
        </p>
        <h1
          class="c2"
        >
          Tech Stuff (2)
        </h1>
        <article
          class="c3"
          data-testid="tags-page-article"
        >
          <p>
            ArticleHeader
          </p>
          Awesome first article
        </article>
        <article
          class="c3"
          data-testid="tags-page-article"
        >
          <p>
            ArticleHeader
          </p>
          Awesome second article
        </article>
      </main>
      <p>
        Footer
      </p>
    </section>
  </div>
</body>
`;
