// Jest Snapshot v1, https://goo.gl/fbAQLP

exports[`<TagsPage> should render properly 1`] = `
.c0 {
  background: linear-gradient(90deg,#0C0D0E 20px,transparent 1%) center, linear-gradient(#0C0D0E 20px,transparent 1%) center, #FFFFFF;
  background-size: 22px 22px;
  height: 120px;
  margin-top: 40px;
}

.c3 {
  margin: 0 0 60px 0;
  font-weight: 400;
  color: #FFFFFF;
}

.c2 {
  font-size: 22px;
  background: #383F27;
  display: inline;
  padding: 5px;
}

.c1 {
  max-width: 800px;
  margin: 16px;
}

@media (min-width:760px) {
  .c1 {
    margin: 16px auto;
  }
}

<body>
  <div>
    <p>
      Header
    </p>
    <main>
      <p>
        Metatags
      </p>
      <div
        class="c0"
      />
      <section
        class="c1"
      >
        <main>
          <h1
            class="c2"
          >
            Tech Stuff (2)
          </h1>
          <article
            class="c3"
            data-testid="tags-page-article"
          >
            <p>
              ArticleHeader
            </p>
            Awesome first article
          </article>
          <article
            class="c3"
            data-testid="tags-page-article"
          >
            <p>
              ArticleHeader
            </p>
            Awesome second article
          </article>
        </main>
      </section>
    </main>
    <p>
      Footer
    </p>
  </div>
</body>
`;
