// Jest Snapshot v1, https://goo.gl/fbAQLP

exports[`<Container /> should render properly 1`] = `
.c0 {
  max-width: 800px;
  margin: 16px;
}

@media (min-width:760px) {
  .c0 {
    margin: 16px auto;
  }
}

<body>
  <div>
    <section
      class="c0"
    >
      <main>
        John Doe
      </main>
    </section>
  </div>
</body>
`;
