// Jest Snapshot v1, https://goo.gl/fbAQLP

exports[`<AboutMe /> should render properly 1`] = `
.c0 {
  max-width: 800px;
  margin: 0 auto;
  padding: 0 20px;
}

.c1 p {
  font-size: 18px;
  line-height: 1.4;
}

.c1 ul {
  margin: 0;
  padding: 0;
}

.c1 li {
  list-style: none;
  font-size: 18px;
  font-weight: 900;
  margin: 0 24px 5px 0;
}

.c1 li a {
  -webkit-text-decoration: none;
  text-decoration: none;
  display: -webkit-box;
  display: -webkit-flex;
  display: -ms-flexbox;
  display: flex;
  padding: 0;
  text-transform: uppercase;
}

.c1 li a:after {
  content: '.';
  display: block;
  font-size: 38px;
  line-height: 0.2;
}

@media (min-width:760px) {
  .c1 {
    padding-bottom: 40px;
  }
}

@media (min-width:760px) {
  .c1 p {
    font-size: 24px;
  }
}

@media (min-width:760px) {
  .c1 ul {
    display: -webkit-box;
    display: -webkit-flex;
    display: -ms-flexbox;
    display: flex;
  }
}

@media (min-width:760px) {
  .c1 li {
    font-size: 20px;
    margin: 0 24px 0 0;
  }
}

@media (min-width:760px) {
  .c1 li a:after {
    line-height: 0.3;
  }
}

<body>
  <div>
    <section
      class="c0"
    >
      <main>
        <div
          class="c1"
        >
          <p>
            You can hear more about here:
          </p>
        </div>
      </main>
    </section>
  </div>
</body>
`;
