// Jest Snapshot v1, https://goo.gl/fbAQLP

exports[`<Navigation /> should render properly 1`] = `
.c0 {
  margin: 0;
  padding: 0;
}

.c1 {
  list-style: none;
  font-size: 18px;
  font-weight: 900;
  margin: 0 24px 5px 0;
}

.c2 {
  -webkit-text-decoration: none;
  text-decoration: none;
  display: -webkit-box;
  display: -webkit-flex;
  display: -ms-flexbox;
  display: flex;
  padding: 0;
  text-transform: uppercase;
}

.c2:after {
  content: '.';
  display: block;
  font-size: 38px;
  line-height: 0.2;
}

@media (min-width:760px) {
  .c0 {
    display: -webkit-box;
    display: -webkit-flex;
    display: -ms-flexbox;
    display: flex;
  }
}

@media (min-width:760px) {
  .c1 {
    font-size: 20px;
    margin: 0 24px 0 0;
  }
}

@media (min-width:760px) {
  .c2:after {
    line-height: 0.3;
  }
}

<body>
  <div>
    <nav
      class=""
    >
      <ul
        class="c0"
      >
        <li
          class="c1"
        >
          <a
            class="c2"
            href="mailto:johndoe@doe.com"
            rel="noopener"
            target="_blank"
          >
            email
          </a>
        </li>
        <li
          class="c1"
        >
          <a
            class="c2"
            href="https://google.com"
            rel="noopener"
            target="_blank"
          >
            site
          </a>
        </li>
      </ul>
    </nav>
  </div>
</body>
`;
