// Jest Snapshot v1, https://goo.gl/fbAQLP

exports[`<Navigation /> should render properly 1`] = `
.c1 {
  margin: 0;
  display: -webkit-box;
  display: -webkit-flex;
  display: -ms-flexbox;
  display: flex;
  padding: 0;
  -webkit-box-pack: justify;
  -webkit-justify-content: space-between;
  -ms-flex-pack: justify;
  justify-content: space-between;
}

.c2 {
  list-style: none;
  font-size: 16px;
  font-weight: 700;
}

.c3 {
  -webkit-text-decoration: none;
  text-decoration: none;
  color: #d73738;
  display: block;
  padding: 0;
  border-bottom: 1px solid transparent;
}

.c3:hover {
  border-bottom: 1px solid #d73738;
}

@media (min-width:750px) {
  .c0 {
    width: 400px;
  }
}

@media (min-width:760px) {
  .c2 {
    font-size: 18px;
  }
}

<body>
  <div>
    <nav
      class="c0"
    >
      <ul
        class="c1"
      >
        <li
          class="c2"
        >
          <a
            class="c3"
            href="mailto:johndoe@doe.com"
            rel="noopener"
            target="_blank"
          >
            email
          </a>
        </li>
        <li
          class="c2"
        >
          <a
            class="c3"
            href="https://google.com"
            rel="noopener"
            target="_blank"
          >
            site
          </a>
        </li>
      </ul>
    </nav>
  </div>
</body>
`;
