// Jest Snapshot v1, https://goo.gl/fbAQLP

exports[`<Title /> renders properly 1`] = `
.c0 {
  box-shadow: none;
  -webkit-text-decoration: none;
  text-decoration: none;
  font-size: 36px;
  margin: 0;
  font-weight: 700;
}

.c0:hover,
.c0:focus {
  outline: none;
}

<body>
  <div>
    <h2
      class="c0"
      data-testid="article-header-title"
    >
      Hello World
    </h2>
  </div>
</body>
`;
