// Jest Snapshot v1, https://goo.gl/fbAQLP

exports[`<TagHeader /> renders properly 1`] = `
.c0 {
  max-width: 800px;
  margin: 0 auto;
  padding: 0 20px;
}

.c1 {
  font-size: 28px;
  border-bottom: 5px solid;
  padding: 5px;
  margin: 40px 0 20px 0;
  display: -webkit-box;
  display: -webkit-flex;
  display: -ms-flexbox;
  display: flex;
  -webkit-box-pack: justify;
  -webkit-justify-content: space-between;
  -ms-flex-pack: justify;
  justify-content: space-between;
}

<body>
  <div>
    <section
      class="c0"
    >
      <main>
        <h1
          class="c1"
        >
          John Doe
        </h1>
      </main>
    </section>
  </div>
</body>
`;
