// Jest Snapshot v1, https://goo.gl/fbAQLP

exports[`<TagHeader /> renders properly 1`] = `
.c0 {
  max-width: 960px;
  margin: 0 auto;
  padding: 0 20px;
}

.c1 {
  display: inline-block;
  padding: 2px 10px;
  margin: 0px 10px 30px 0;
  color: #fff;
  border-radius: 5px;
  font-size: 48px;
}

<body>
  <div>
    <section
      class="c0"
    >
      <main>
        <h1
          class="c1"
        >
          John Doe
        </h1>
      </main>
    </section>
  </div>
</body>
`;
