// Jest Snapshot v1, https://goo.gl/fbAQLP

exports[`<Divisor /> renders properly 1`] = `
.c0 {
  background: linear-gradient(90deg,20px,transparent 1%) center, linear-gradient( 20px,transparent 1%) center,;
  background-size: 22px 22px;
  height: 120px;
  margin: 40px 0;
  width: 100%;
}

<body>
  <div>
    <div
      class="c0"
    />
  </div>
</body>
`;
